// Vitest Snapshot v1, https://vitest.dev/guide/snapshot.html

exports[`LoginPage > should render 1`] = `
<div>
  <div
    class="layout-page"
  >
    <h2
      class="layout-title"
    >
      Login
    </h2>
    <div
      class="login-page"
    >
      <form
        class="login-form"
      >
        <div
          class="form-field"
        >
          <label
            class="form-field-label login-label"
          >
            Email
          </label>
          <input
            autocomplete="off"
            class="form-field-input login-input"
            name="email"
            type="email"
            value=""
          />
        </div>
        <div
          class="form-field"
        >
          <label
            class="form-field-label login-label"
          >
            Password
          </label>
          <input
            autocomplete="off"
            class="form-field-input login-input"
            name="password"
            type="password"
            value=""
          />
        </div>
        <button
          class="sc-bXdtCk vVNLT login-btn"
          disabled=""
          type="submit"
        >
          Login
        </button>
        <div
          class="remember-me-check"
        >
          <input
            id="rememberMe"
            name="rememberMe"
            type="checkbox"
          />
          <label>
            Remember me
          </label>
        </div>
      </form>
    </div>
  </div>
</div>
`;
